2026-02-13T11:54:35.676Z - TypeError: Campaign.find(...).populate(...).populate(...).padding is not a function
    at getCampaigns (C:\Users\pratik\MRv5-TSX\MapRecruit.ai-TypeScript-\backend\controllers\campaignController.js:39:14)
    at process.processTicksAndRejections (node:internal/process/task_queues:103:5)
2026-02-13T11:54:36.021Z - TypeError: Campaign.find(...).populate(...).populate(...).padding is not a function
    at getCampaigns (C:\Users\pratik\MRv5-TSX\MapRecruit.ai-TypeScript-\backend\controllers\campaignController.js:39:14)
    at process.processTicksAndRejections (node:internal/process/task_queues:103:5)
2026-02-13T11:54:37.301Z - TypeError: Campaign.find(...).populate(...).populate(...).padding is not a function
    at getCampaigns (C:\Users\pratik\MRv5-TSX\MapRecruit.ai-TypeScript-\backend\controllers\campaignController.js:39:14)
    at process.processTicksAndRejections (node:internal/process/task_queues:103:5)
2026-02-13T11:54:37.386Z - TypeError: Campaign.find(...).populate(...).populate(...).padding is not a function
    at getCampaigns (C:\Users\pratik\MRv5-TSX\MapRecruit.ai-TypeScript-\backend\controllers\campaignController.js:39:14)
    at process.processTicksAndRejections (node:internal/process/task_queues:103:5)
